2026-09-03 06:46:17 [T6 标签赛] pool=main 开工: 19 候选 x 36 配置, workers=3
2026-09-03 06:46:17 [阶段1] 主表 8154 行 x 2071 列, 特征 2060 列
2026-09-03 06:46:17 [阶段1] 段界与隔离带断言通过: {'val': 3144, 'train': 2838, 'test': 1792, 'embargo': 302, 'pre2001': 78}
2026-09-03 06:46:17 [阶段2] 待跑 19 候选 / 684 配置任务
2026-09-03 06:46:36 [心跳] 配置任务 20/684 (耗时 18s)
2026-09-03 06:46:48 [阶段2] hit_N20_k2.0: 36 配置指标表落盘
2026-09-03 06:46:54 [心跳] 配置任务 40/684 (耗时 37s)
2026-09-03 06:47:18 [心跳] 配置任务 60/684 (耗时 61s)
2026-09-03 06:47:36 [阶段2] cur_pos_3d: 36 配置指标表落盘
2026-09-03 06:47:42 [心跳] 配置任务 80/684 (耗时 84s)
2026-09-03 06:47:59 [心跳] 配置任务 100/684 (耗时 101s)
2026-09-03 06:48:04 [阶段2] cur_pos_5d: 36 配置指标表落盘
2026-09-03 06:48:14 [心跳] 配置任务 120/684 (耗时 117s)
2026-09-03 06:48:34 [心跳] 配置任务 140/684 (耗时 137s)
2026-09-03 06:48:37 [阶段2] cur_pos_10d: 36 配置指标表落盘
2026-09-03 06:48:56 [心跳] 配置任务 160/684 (耗时 158s)
2026-09-03 06:49:13 [心跳] 配置任务 180/684 (耗时 176s)
2026-09-03 06:49:13 [阶段2] cur_pos_15d: 36 配置指标表落盘
2026-09-03 06:49:37 [心跳] 配置任务 200/684 (耗时 200s)
2026-09-03 06:49:55 [阶段2] cur_pos_20d: 36 配置指标表落盘
2026-09-03 06:49:59 [心跳] 配置任务 220/684 (耗时 222s)
2026-09-03 06:50:18 [心跳] 配置任务 240/684 (耗时 241s)
2026-09-03 06:50:29 [阶段2] cur_pos_25d: 36 配置指标表落盘
2026-09-03 06:50:35 [心跳] 配置任务 260/684 (耗时 258s)
2026-09-03 06:50:53 [心跳] 配置任务 280/684 (耗时 276s)
2026-09-03 06:50:57 [阶段2] cur_pos_30d: 36 配置指标表落盘
2026-09-03 06:51:05 [心跳] 配置任务 300/684 (耗时 288s)
2026-09-03 06:51:22 [心跳] 配置任务 320/684 (耗时 305s)
2026-09-03 06:51:24 [阶段2] cur_pos_45d: 36 配置指标表落盘
2026-09-03 06:51:39 [心跳] 配置任务 340/684 (耗时 322s)
2026-09-03 06:51:54 [心跳] 配置任务 360/684 (耗时 336s)
2026-09-03 06:51:54 [阶段2] cur_pos_60d: 36 配置指标表落盘
2026-09-03 06:52:13 [心跳] 配置任务 380/684 (耗时 356s)
2026-09-03 06:52:27 [阶段2] open_exec_pos_3d: 36 配置指标表落盘
2026-09-03 06:52:31 [心跳] 配置任务 400/684 (耗时 374s)
2026-09-03 06:52:47 [心跳] 配置任务 420/684 (耗时 389s)
2026-09-03 06:52:57 [阶段2] open_exec_pos_5d: 36 配置指标表落盘
2026-09-03 06:53:05 [心跳] 配置任务 440/684 (耗时 408s)
2026-09-03 06:53:25 [心跳] 配置任务 460/684 (耗时 427s)
2026-09-03 06:53:30 [阶段2] open_exec_pos_10d: 36 配置指标表落盘
2026-09-03 06:53:42 [心跳] 配置任务 480/684 (耗时 444s)
2026-09-03 06:54:09 [心跳] 配置任务 500/684 (耗时 472s)
2026-09-03 06:54:11 [阶段2] open_exec_pos_15d: 36 配置指标表落盘
2026-09-03 06:54:28 [心跳] 配置任务 520/684 (耗时 491s)
2026-09-03 06:54:48 [心跳] 配置任务 540/684 (耗时 510s)
2026-09-03 06:54:48 [阶段2] open_exec_pos_20d: 36 配置指标表落盘
2026-09-03 06:55:12 [心跳] 配置任务 560/684 (耗时 534s)
2026-09-03 06:55:29 [阶段2] open_exec_pos_25d: 36 配置指标表落盘
2026-09-03 06:55:33 [心跳] 配置任务 580/684 (耗时 555s)
2026-09-03 06:55:49 [心跳] 配置任务 600/684 (耗时 571s)
2026-09-03 06:55:59 [阶段2] open_exec_pos_30d: 36 配置指标表落盘
2026-09-03 06:56:04 [心跳] 配置任务 620/684 (耗时 587s)
2026-09-03 06:56:21 [心跳] 配置任务 640/684 (耗时 604s)
2026-09-03 06:56:26 [阶段2] open_exec_pos_45d: 36 配置指标表落盘
2026-09-03 06:56:34 [心跳] 配置任务 660/684 (耗时 617s)
2026-09-03 06:56:51 [心跳] 配置任务 680/684 (耗时 634s)
2026-09-03 06:56:53 [心跳] 配置任务 684/684 (耗时 636s)
2026-09-03 06:56:53 [阶段2] open_exec_pos_60d: 36 配置指标表落盘
2026-09-03 06:56:53 [阶段3] 十九候选当选配置汇总落盘 summary_main.csv
2026-09-03 06:56:53 [阶段5] 裁决: winner=hit_N20_k2.0 (p@5=0.5165, AP=0.6283 vs 中位数 0.5599, 约束 通过)
2026-09-03 06:56:53 [完成] pool=main 耗时 635.8s -> /home/karl/repos/personal/stock_qt_nd/v3_pipeline/reports/label_race
