2026-09-03 05:14:47 [T6 标签赛] pool=merged 开工: 19 候选 x 36 配置, workers=3
2026-09-03 05:14:48 [阶段1] 主表 45140 行 x 2072 列, 特征 2060 列
2026-09-03 05:14:48 [阶段1] 段界与隔离带断言通过: {'train': 22963, 'test': 10643, 'val': 10231, 'embargo': 799, 'pre2001': 504}
2026-09-03 05:14:48 [阶段2] 待跑 19 候选 / 684 配置任务
2026-09-03 05:16:47 [心跳] 配置任务 20/684 (耗时 119s)
2026-09-03 05:18:58 [阶段2] hit_N20_k2.0: 36 配置指标表落盘
2026-09-03 05:19:27 [心跳] 配置任务 40/684 (耗时 280s)
2026-09-03 05:22:11 [心跳] 配置任务 60/684 (耗时 443s)
2026-09-03 05:24:57 [阶段2] cur_pos_3d: 36 配置指标表落盘
2026-09-03 05:25:41 [心跳] 配置任务 80/684 (耗时 654s)
2026-09-03 05:29:08 [心跳] 配置任务 100/684 (耗时 860s)
2026-09-03 05:30:34 [阶段2] cur_pos_5d: 36 配置指标表落盘
2026-09-03 05:31:23 [心跳] 配置任务 120/684 (耗时 996s)
2026-09-03 05:33:53 [心跳] 配置任务 140/684 (耗时 1146s)
2026-09-03 05:34:15 [阶段2] cur_pos_10d: 36 配置指标表落盘
2026-09-03 05:35:58 [心跳] 配置任务 160/684 (耗时 1271s)
2026-09-03 05:39:20 [心跳] 配置任务 180/684 (耗时 1473s)
2026-09-03 05:39:25 [阶段2] cur_pos_15d: 36 配置指标表落盘
2026-09-03 05:41:30 [心跳] 配置任务 200/684 (耗时 1602s)
2026-09-03 05:44:53 [阶段2] cur_pos_20d: 36 配置指标表落盘
2026-09-03 05:45:08 [心跳] 配置任务 220/684 (耗时 1820s)
2026-09-03 05:47:08 [心跳] 配置任务 240/684 (耗时 1941s)
2026-09-03 05:48:50 [阶段2] cur_pos_25d: 36 配置指标表落盘
2026-09-03 05:49:31 [心跳] 配置任务 260/684 (耗时 2084s)
2026-09-03 05:51:49 [心跳] 配置任务 280/684 (耗时 2222s)
2026-09-03 05:52:49 [阶段2] cur_pos_30d: 36 配置指标表落盘
2026-09-03 05:53:46 [心跳] 配置任务 300/684 (耗时 2338s)
2026-09-03 05:56:04 [心跳] 配置任务 320/684 (耗时 2476s)
2026-09-03 05:56:32 [阶段2] cur_pos_45d: 36 配置指标表落盘
2026-09-03 05:57:55 [心跳] 配置任务 340/684 (耗时 2588s)
2026-09-03 06:00:35 [心跳] 配置任务 360/684 (耗时 2748s)
2026-09-03 06:00:35 [阶段2] cur_pos_60d: 36 配置指标表落盘
2026-09-03 06:03:27 [心跳] 配置任务 380/684 (耗时 2920s)
2026-09-03 06:06:26 [阶段2] open_exec_pos_3d: 36 配置指标表落盘
2026-09-03 06:06:44 [心跳] 配置任务 400/684 (耗时 3116s)
2026-09-03 06:09:13 [心跳] 配置任务 420/684 (耗时 3265s)
2026-09-03 06:11:23 [阶段2] open_exec_pos_5d: 36 配置指标表落盘
2026-09-03 06:11:53 [心跳] 配置任务 440/684 (耗时 3426s)
2026-09-03 06:14:17 [心跳] 配置任务 460/684 (耗时 3570s)
2026-09-03 06:15:10 [阶段2] open_exec_pos_10d: 36 配置指标表落盘
2026-09-03 06:16:10 [心跳] 配置任务 480/684 (耗时 3683s)
2026-09-03 06:18:45 [心跳] 配置任务 500/684 (耗时 3838s)
2026-09-03 06:19:13 [阶段2] open_exec_pos_15d: 36 配置指标表落盘
2026-09-03 06:20:51 [心跳] 配置任务 520/684 (耗时 3964s)
2026-09-03 06:24:24 [心跳] 配置任务 540/684 (耗时 4177s)
2026-09-03 06:24:24 [阶段2] open_exec_pos_20d: 36 配置指标表落盘
2026-09-03 06:26:18 [心跳] 配置任务 560/684 (耗时 4290s)
2026-09-03 06:28:31 [阶段2] open_exec_pos_25d: 36 配置指标表落盘
2026-09-03 06:28:47 [心跳] 配置任务 580/684 (耗时 4439s)
2026-09-03 06:30:35 [心跳] 配置任务 600/684 (耗时 4547s)
2026-09-03 06:32:11 [阶段2] open_exec_pos_30d: 36 配置指标表落盘
2026-09-03 06:32:52 [心跳] 配置任务 620/684 (耗时 4684s)
2026-09-03 06:34:56 [心跳] 配置任务 640/684 (耗时 4808s)
2026-09-03 06:35:44 [阶段2] open_exec_pos_45d: 36 配置指标表落盘
2026-09-03 06:36:44 [心跳] 配置任务 660/684 (耗时 4917s)
2026-09-03 06:39:17 [心跳] 配置任务 680/684 (耗时 5070s)
2026-09-03 06:39:42 [心跳] 配置任务 684/684 (耗时 5095s)
2026-09-03 06:39:42 [阶段2] open_exec_pos_60d: 36 配置指标表落盘
2026-09-03 06:39:43 [阶段3] 十九候选当选配置汇总落盘 summary_merged.csv
2026-09-03 06:40:32 [阶段4] hit_N20_k2.0 当选配置 OOF 复跑: 逐位一致
2026-09-03 06:40:32 [阶段4] cur_pos_5d 当选配置 OOF 复跑: 逐位一致
2026-09-03 06:40:58 [阶段4] cur_pos_10d 当选配置 OOF 复跑: 逐位一致
2026-09-03 06:41:15 [阶段4] cur_pos_15d 当选配置 OOF 复跑: 逐位一致
2026-09-03 06:41:26 [阶段4] cur_pos_3d 当选配置 OOF 复跑: 逐位一致
2026-09-03 06:41:37 [阶段4] cur_pos_20d 当选配置 OOF 复跑: 逐位一致
2026-09-03 06:41:41 [阶段4] cur_pos_25d 当选配置 OOF 复跑: 逐位一致
2026-09-03 06:41:56 [阶段4] cur_pos_30d 当选配置 OOF 复跑: 逐位一致
2026-09-03 06:42:08 [阶段4] cur_pos_45d 当选配置 OOF 复跑: 逐位一致
2026-09-03 06:42:14 [阶段4] cur_pos_60d 当选配置 OOF 复跑: 逐位一致
2026-09-03 06:42:54 [阶段4] open_exec_pos_5d 当选配置 OOF 复跑: 逐位一致
2026-09-03 06:42:58 [阶段4] open_exec_pos_10d 当选配置 OOF 复跑: 逐位一致
2026-09-03 06:43:05 [阶段4] open_exec_pos_3d 当选配置 OOF 复跑: 逐位一致
2026-09-03 06:43:29 [阶段4] open_exec_pos_15d 当选配置 OOF 复跑: 逐位一致
2026-09-03 06:43:30 [阶段4] open_exec_pos_20d 当选配置 OOF 复跑: 逐位一致
2026-09-03 06:43:35 [阶段4] open_exec_pos_25d 当选配置 OOF 复跑: 逐位一致
2026-09-03 06:44:13 [阶段4] open_exec_pos_45d 当选配置 OOF 复跑: 逐位一致
2026-09-03 06:44:15 [阶段4] open_exec_pos_60d 当选配置 OOF 复跑: 逐位一致
2026-09-03 06:44:17 [阶段4] open_exec_pos_30d 当选配置 OOF 复跑: 逐位一致
2026-09-03 06:44:17 [阶段4] 十九候选当选配置 OOF 复跑全部逐位一致
2026-09-03 06:44:17 [阶段5] 裁决: winner=hit_N20_k2.0 (p@5=0.5750, AP=0.6225 vs 中位数 0.5794, 约束 通过)
2026-09-03 06:44:17 [完成] pool=merged 耗时 5369.3s -> /home/karl/repos/personal/stock_qt_nd/v3_pipeline/reports/label_race
