2026-09-03 12:40:24 [T7 特征精选] 开工: 合并池 x hit_N20_k2.0, 五层流程
2026-09-03 12:40:24 [阶段1] 全段帧 43837 行, 特征 2060 列; 当选 hit_N20_k2.0 config_id=13; 段计数 {'train': 22963, 'test': 10643, 'val': 10231}
2026-09-03 12:40:25 [链] 标签非 NaN: train 22961 / val 10219
2026-09-03 12:40:42 [链] 基模复锚通过: val 头部五名精确率日加权=0.5750
2026-09-03 12:40:45 [层1] 2060 -> 516 (零重要性剔 1544)
2026-09-03 12:40:45 [层2] 516 -> 473 (漂移剔 43)
2026-09-03 12:40:46 [层3] 473 -> 385 (簇吸收 88, 阈值 0.9)
2026-09-03 12:40:46 [层4] K 阶梯: [5, 10, 15, 20, 25, 30, 40, 50, 75, 100, 150, 200, 300, 385]
2026-09-03 12:40:46 [心跳] 层4 K=5: val 头部五名精确率日加权=0.5624 (耗时 22s)
2026-09-03 12:40:47 [心跳] 层4 K=10: val 头部五名精确率日加权=0.5629 (耗时 23s)
2026-09-03 12:40:48 [心跳] 层4 K=15: val 头部五名精确率日加权=0.5627 (耗时 24s)
2026-09-03 12:40:48 [心跳] 层4 K=20: val 头部五名精确率日加权=0.5668 (耗时 25s)
2026-09-03 12:40:49 [心跳] 层4 K=25: val 头部五名精确率日加权=0.5737 (耗时 26s)
2026-09-03 12:40:50 [心跳] 层4 K=30: val 头部五名精确率日加权=0.5727 (耗时 27s)
2026-09-03 12:40:52 [心跳] 层4 K=40: val 头部五名精确率日加权=0.5699 (耗时 28s)
2026-09-03 12:40:53 [心跳] 层4 K=50: val 头部五名精确率日加权=0.5704 (耗时 29s)
2026-09-03 12:40:54 [心跳] 层4 K=75: val 头部五名精确率日加权=0.5663 (耗时 31s)
2026-09-03 12:40:55 [心跳] 层4 K=100: val 头部五名精确率日加权=0.5660 (耗时 32s)
2026-09-03 12:40:57 [心跳] 层4 K=150: val 头部五名精确率日加权=0.5609 (耗时 33s)
2026-09-03 12:40:59 [心跳] 层4 K=200: val 头部五名精确率日加权=0.5683 (耗时 35s)
2026-09-03 12:41:03 [心跳] 层4 K=300: val 头部五名精确率日加权=0.5699 (耗时 39s)
2026-09-03 12:41:06 [心跳] 层4 K=385: val 头部五名精确率日加权=0.5642 (耗时 43s)
2026-09-03 12:41:06 [层4] 拐点 K*=25 (N_surviving=385)
2026-09-03 12:41:06 [链] 定版: 25 特征, 终模 60 轮, 分数 43837 行
2026-09-03 12:41:06 [阶段3] 产物落盘完成: 终选 25 特征, 分数 10643 行 test
2026-09-03 12:41:50 [阶段4] 复现断言: PASS
2026-09-03 12:41:50 [完成] 耗时 86.1s -> /home/karl/repos/personal/stock_qt_nd/v3_pipeline/reports/feature_selection
